******************************************************************************
                  TI ARM Linker PC v20.2.7                     
******************************************************************************
>> Linked Mon Mar 20 20:01:04 2023

OUTPUT FILE NAME:   <Lab_6.out>
ENTRY POINT SYMBOL: "_c_int00_noargs"  address: 00000eb9


MEMORY CONFIGURATION

         name            origin    length      used     unused   attr    fill
----------------------  --------  ---------  --------  --------  ----  --------
  FLASH                 00000000   00040000  00000f4a  0003f0b6  R  X
  SRAM                  20000000   00008000  00000bca  00007436  RW X


SEGMENT ALLOCATION MAP

run origin  load origin   length   init length attrs members
----------  ----------- ---------- ----------- ----- -------
00000000    00000000    00000f50   00000f50    r-x
  00000000    00000000    0000026c   0000026c    r-- .intvecs
  0000026c    0000026c    00000cae   00000cae    r-x .text
  00000f20    00000f20    00000030   00000030    r-- .cinit
20000000    20000000    00000bd1   00000000    rw-
  20000000    20000000    000009c1   00000000    rw- .bss
  200009c8    200009c8    00000200   00000000    rw- .stack
  20000bc8    20000bc8    00000009   00000000    rw- .data


SECTION ALLOCATION MAP

 output                                  attributes/
section   page    origin      length       input sections
--------  ----  ----------  ----------   ----------------
.intvecs   0    00000000    0000026c     
                  00000000    0000026c     tm4c123gh6pm_startup_ccs.obj (.intvecs)

.text      0    0000026c    00000cae     
                  0000026c    000005f0     rtcs.obj (.text)
                  0000085c    000001f8     uart.obj (.text)
                  00000a54    00000188     main.obj (.text)
                  00000bdc    000000ac     systick.obj (.text)
                  00000c88    0000009c     rtsv7M4_T_le_v4SPD16_eabi.lib : memcpy_t2.asm.obj (.text)
                  00000d24    0000007a                                   : memset_t2.asm.obj (.text)
                  00000d9e    00000002     --HOLE-- [fill = 0]
                  00000da0    0000006c     gpio.obj (.text)
                  00000e0c    00000068     rtsv7M4_T_le_v4SPD16_eabi.lib : copy_decompress_lzss.c.obj (.text:decompress:lzss:__TI_decompress_lzss)
                  00000e74    00000044                                   : autoinit.c.obj (.text:__TI_auto_init_nobinit_nopinit:__TI_auto_init_nobinit_nopinit)
                  00000eb8    00000034                                   : boot_cortex_m.c.obj (.text:_c_int00_noargs:_c_int00_noargs)
                  00000eec    0000000e                                   : copy_decompress_none.c.obj (.text:decompress:none:__TI_decompress_none)
                  00000efa    0000000c                                   : copy_zero_init.c.obj (.text:decompress:ZI:__TI_zero_init)
                  00000f06    0000000c     tm4c123gh6pm_startup_ccs.obj (.text)
                  00000f12    00000004     rtsv7M4_T_le_v4SPD16_eabi.lib : pre_init.c.obj (.text:_system_pre_init)
                  00000f16    00000004                                   : exit.c.obj (.text:abort:abort)

.cinit     0    00000f20    00000030     
                  00000f20    0000000c     (__TI_handler_table)
                  00000f2c    00000004     --HOLE-- [fill = 0]
                  00000f30    00000008     (.cinit..bss.load) [load image, compression = zero_init]
                  00000f38    00000007     (.cinit..data.load) [load image, compression = lzss]
                  00000f3f    00000001     --HOLE-- [fill = 0]
                  00000f40    00000010     (__TI_cinit_table)

.init_array 
*          0    00000000    00000000     UNINITIALIZED

.bss       0    20000000    000009c1     UNINITIALIZED
                  20000000    00000840     (.common:poq)
                  20000840    000000c0     (.common:pos)
                  20000900    000000c0     (.common:pot)
                  200009c0    00000001     (.common:current_task)

.data      0    20000bc8    00000009     UNINITIALIZED
                  20000bc8    00000008     systick.obj (.data)
                  20000bd0    00000001     rtcs.obj (.data)

.stack     0    200009c8    00000200     UNINITIALIZED
                  200009c8    00000004     rtsv7M4_T_le_v4SPD16_eabi.lib : boot_cortex_m.c.obj (.stack)
                  200009cc    000001fc     --HOLE--

__llvm_prf_cnts 
*          0    20000000    00000000     UNINITIALIZED

MODULE SUMMARY

       Module                         code   ro data   rw data
       ------                         ----   -------   -------
    .\
       rtcs.obj                       1520   0         2498   
       tm4c123gh6pm_startup_ccs.obj   12     620       0      
       uart.obj                       504    0         0      
       main.obj                       392    0         0      
       systick.obj                    172    0         8      
       gpio.obj                       108    0         0      
    +--+------------------------------+------+---------+---------+
       Total:                         2708   620       2506   
                                                              
    C:\ti\ccs1220\ccs\tools\compiler\ti-cgt-arm_20.2.7.LTS\lib\rtsv7M4_T_le_v4SPD16_eabi.lib
       memcpy_t2.asm.obj              156    0         0      
       memset_t2.asm.obj              122    0         0      
       copy_decompress_lzss.c.obj     104    0         0      
       autoinit.c.obj                 68     0         0      
       boot_cortex_m.c.obj            52     0         0      
       copy_decompress_none.c.obj     14     0         0      
       copy_zero_init.c.obj           12     0         0      
       exit.c.obj                     4      0         0      
       pre_init.c.obj                 4      0         0      
    +--+------------------------------+------+---------+---------+
       Total:                         536    0         0      
                                                              
       Stack:                         0      0         512    
       Linker Generated:              0      43        0      
    +--+------------------------------+------+---------+---------+
       Grand Total:                   3244   663       3018   


LINKER GENERATED COPY TABLES

__TI_cinit_table @ 00000f40 records: 2, size/record: 8, table size: 16
	.bss: load addr=00000f30, load size=00000008 bytes, run addr=20000000, run size=000009c1 bytes, compression=zero_init
	.data: load addr=00000f38, load size=00000007 bytes, run addr=20000bc8, run size=00000009 bytes, compression=lzss


LINKER GENERATED HANDLER TABLE

__TI_handler_table @ 00000f20 records: 3, size/record: 4, table size: 12
	index: 0, handler: __TI_decompress_lzss
	index: 1, handler: __TI_decompress_none
	index: 2, handler: __TI_zero_init


GLOBAL SYMBOLS: SORTED ALPHABETICALLY BY Name 

address   name                          
-------   ----                          
00000f17  C$$EXIT                       
00000f07  ResetISR                      
20000bc8  __STACK_END                   
00000200  __STACK_SIZE                  
20000bc8  __STACK_TOP                   
00000f40  __TI_CINIT_Base               
00000f50  __TI_CINIT_Limit              
00000f20  __TI_Handler_Table_Base       
00000f2c  __TI_Handler_Table_Limit      
00000e75  __TI_auto_init_nobinit_nopinit
00000e0d  __TI_decompress_lzss          
00000eed  __TI_decompress_none          
ffffffff  __TI_pprof_out_hndl           
ffffffff  __TI_prof_data_size           
ffffffff  __TI_prof_data_start          
00000000  __TI_static_base__            
00000efb  __TI_zero_init                
00000d25  __aeabi_memclr                
00000d25  __aeabi_memclr4               
00000d25  __aeabi_memclr8               
00000c89  __aeabi_memcpy                
00000c89  __aeabi_memcpy4               
00000c89  __aeabi_memcpy8               
00000d27  __aeabi_memset                
00000d27  __aeabi_memset4               
00000d27  __aeabi_memset8               
ffffffff  __binit__                     
ffffffff  __c_args__                    
UNDEFED   __mpu_init                    
200009c8  __stack                       
20000000  __start___llvm_prf_cnts       
20000000  __stop___llvm_prf_cnts        
00000eb9  _c_int00_noargs               
UNDEFED   _system_post_cinit            
00000f13  _system_pre_init              
00000f17  abort                         
ffffffff  binit                         
00000a55  button_pushed                 
200009c0  current_task                  
20000bcc  delayCounter                  
00000bf5  delay_ms_systick              
00000000  g_pfnVectors                  
00000505  get_queue                     
00000b97  green_led                     
00000277  i_am_alive                    
00000da1  init_gpio                     
0000063d  init_rtcs                     
00000c13  init_systick                  
000008e7  lcrh_databits                 
0000092b  lcrh_parity                   
00000911  lcrh_stopbits                 
00000a69  main                          
00000c89  memcpy                        
00000d2d  memset                        
000003f9  open_queue                    
20000000  poq                           
20000840  pos                           
20000900  pot                           
000003d1  preset_sem                    
00000479  put_queue                     
00000b03  red_led                       
0000026d  retrieve_id                   
000006c5  schedule                      
000002b9  set_state                     
000003ab  signal                        
000005a1  start_task                    
00000abb  sw1                           
00000bdd  systick_handler               
20000bc8  ticks                         
0000097f  uart0_fifos_disable           
00000973  uart0_fifos_enable            
00000867  uart0_getc                    
0000098b  uart0_init                    
0000087b  uart0_putc                    
0000085d  uart0_rx_rdy                  
0000086f  uart0_tx_rdy                  
0000088f  uart_rx_task                  
000008bf  uart_tx_task                  
000002d7  wait                          
00000305  wait_sem                      
00000b39  yellow_led                    


GLOBAL SYMBOLS: SORTED BY Symbol Address 

address   name                          
-------   ----                          
00000000  __TI_static_base__            
00000000  g_pfnVectors                  
00000200  __STACK_SIZE                  
0000026d  retrieve_id                   
00000277  i_am_alive                    
000002b9  set_state                     
000002d7  wait                          
00000305  wait_sem                      
000003ab  signal                        
000003d1  preset_sem                    
000003f9  open_queue                    
00000479  put_queue                     
00000505  get_queue                     
000005a1  start_task                    
0000063d  init_rtcs                     
000006c5  schedule                      
0000085d  uart0_rx_rdy                  
00000867  uart0_getc                    
0000086f  uart0_tx_rdy                  
0000087b  uart0_putc                    
0000088f  uart_rx_task                  
000008bf  uart_tx_task                  
000008e7  lcrh_databits                 
00000911  lcrh_stopbits                 
0000092b  lcrh_parity                   
00000973  uart0_fifos_enable            
0000097f  uart0_fifos_disable           
0000098b  uart0_init                    
00000a55  button_pushed                 
00000a69  main                          
00000abb  sw1                           
00000b03  red_led                       
00000b39  yellow_led                    
00000b97  green_led                     
00000bdd  systick_handler               
00000bf5  delay_ms_systick              
00000c13  init_systick                  
00000c89  __aeabi_memcpy                
00000c89  __aeabi_memcpy4               
00000c89  __aeabi_memcpy8               
00000c89  memcpy                        
00000d25  __aeabi_memclr                
00000d25  __aeabi_memclr4               
00000d25  __aeabi_memclr8               
00000d27  __aeabi_memset                
00000d27  __aeabi_memset4               
00000d27  __aeabi_memset8               
00000d2d  memset                        
00000da1  init_gpio                     
00000e0d  __TI_decompress_lzss          
00000e75  __TI_auto_init_nobinit_nopinit
00000eb9  _c_int00_noargs               
00000eed  __TI_decompress_none          
00000efb  __TI_zero_init                
00000f07  ResetISR                      
00000f13  _system_pre_init              
00000f17  C$$EXIT                       
00000f17  abort                         
00000f20  __TI_Handler_Table_Base       
00000f2c  __TI_Handler_Table_Limit      
00000f40  __TI_CINIT_Base               
00000f50  __TI_CINIT_Limit              
20000000  __start___llvm_prf_cnts       
20000000  __stop___llvm_prf_cnts        
20000000  poq                           
20000840  pos                           
20000900  pot                           
200009c0  current_task                  
200009c8  __stack                       
20000bc8  __STACK_END                   
20000bc8  __STACK_TOP                   
20000bc8  ticks                         
20000bcc  delayCounter                  
ffffffff  __TI_pprof_out_hndl           
ffffffff  __TI_prof_data_size           
ffffffff  __TI_prof_data_start          
ffffffff  __binit__                     
ffffffff  __c_args__                    
ffffffff  binit                         
UNDEFED   __mpu_init                    
UNDEFED   _system_post_cinit            

[81 symbols]
